[   0.0000]Initlizingcgup subsys cpuset
[    0.000000] Initializing cgroup subsys cpu
[    0.0000 Initalzing cgrupsubys cuat
[  000000] nux version 4.4.0-127-generic (buildd@lcy01-amd64-023) (gcc version 5.4.0 20160609 (Ubuntu 5.4.0-6ubuntu1~16.04.9) ) #153-Ubuntu SMP Sat May 19 10:58:46 UTC 2018 (Ubuntu 4.4.0-127.153-generic 4.4.128)
[    0.000000] Command line: BOOT_IMAGE=/boot/vmlinuz-4.4.0-127-generic root=UUID=a7eda442-e46f-485f-988d-83ec628120f3 ro console=tty1 console=ttyS0
[    0.000000] KERELsuportd us:    00000]   Intl enineIntel[   0.0000]   D uthntcAD    00000]  Ctaur nturHau
    0.0000]x8fpu: xta_offs[2:  56,state_izs[2:  256
[  0.000] x8/fu:Supptig XAVE feature 0x01: '87floating point rgites'
[   0.0000] x86/fpu: Supporting XSAVE feature 0x02: 'SSE registers'
[    0.000000] x86/fpu: Supporting XSAVE feature 0x04: 'AVX registers'
[    0.000000] x86/fpu: Enabled xstate features 0x7, context size is 832 bytes, using 'standard' format.
[    0.000000] x86/fpu: Using lay' FU ntextswtces.
[  0.000] e820: BIOS-provided physical RAM map:
[    0.000000] BIOS-e820: [mem 0x00000000000000-0x000000000009fbff] usable
[    0.000000] BIOS-e820: me 0000000000009fc00-0x000000000009ffff] reserved
[    0.000000] BIOS-e820: [mem 0x00000000000f0000-0x000000000ffff] esrvd
[  0.000] BOSe80: me0x0000000100-0x000003ffefff]sable
[   .00000] BIOS-e820: [mem 0x000000003fff000-000000003fffffff] ACPI at
    .0000] BIS-82: em0x0000000fec00000-0x00000000fec00fff] reserved
[    0.000000] BIOS-e820: [mem 0x000000fe0000-0000000ee0ff]reerve
   0.0000] IOS-82: [mem 0x00000000fffc0000x000000fffff] eserve
   0.0000]NX (xete Disable) protectionn: active
[   0.00000 SMOS 2. pesnt.
  0.00000] Hypervior detctd: VM
[    0.000000] e820: last_pfn = 0x3fff0 max_arch_pfn = 0x400000000
[    0.000000] MTRR: Disabled
[    0.000000] x86/PT: MTRs sabled, skipping PAT initialization too.
[    0.000000] CPU MTRRal blan- irtualized system.
[    0.000000] x86/PAT: Configurati [-7]:WB W  UC- U  B  W U- UC [    00000] ou SMP M-tle atme 0x009ff--0x009fff] mapped at [ffff88000009fff0]
[    0.000000 Scanning  areas or low memory corruption
[    0.000000] RAMDISK: [mem 0x361f4000-0x370f1fff]
[    00000] ACPI: Early table checksum verification disabled
[    0.000000] ACPI: RSDP 0x00000000000E0000 000024 (v02 VBOX  )
[    0.000000] ACPI: XSDT 0x000000003FFF0030 00003C (v01 VBOX  VBOXSDT000001 AL 0000061)
[   .0000] CP: FAC 00000003F00F0000F (v04 VBOX  BOFACP 00000 ASL 000061
   0.0000 ACPI: DSDT 00000003FF70 00FF(v02 VBX  VBOBIOS 000002 INTL 20100528)
[    0.0000] ACP: FACS 0x000000003FFF0200 000040
[    0.00000] CP FACS 00000003FFF0200 000040
[    0.000000] ACPI: APIC 0x0000003FFF0240 00005C (v02 VBOX   VBOXAPIC 00000001 ASL  00000061)
[    0.000000] ACPI: SSD 0000000003FFF02A0 0001CC (v01 VBOX   VBOXCPUT 00000002 INTL 20100528)
[    0.000000]No NUM cnfiguratin foun
   0.0000 Fakg  nod a [mem0x0000000000000x00000003ffeffff]
[    0.000000] NODE_DATA(0) allocated [mem 0x3ffeb000-0x3ffeffff]
[    0.000000] kvm-clock: Using msrs 4b564d01 and 4b564d00
[    0.000000] kvm-clock: cpu 0, msr 0:3ffe3001, primary cpu clock
[    0.000000] kvm-clock: using sched offset of 3566894583 cycles
[    0.000000] clocksource: kvm-clock: mask: 0xffffffffffffffff max_cycles: 0x1cd42e4dffb, max_idle_ns: 881590591483 ns
[    0.000000] Zone anges
    0.000000]   DMA      [mem 0x0000000000001000-0x0000000000ffffff]
[    0.00000]  MA32   [mm 0x0000001000000-x000003ffffff][    0.000]   oral  empty[   0.0000]  Dece   mp
[   .00000 Mvable zone tar fr each de
[  000000 Erly emy node rage
[   0.0000   nde   0 [m 0x00000000010-0x000000000009efff]
[    0.000000]   node   0: [mem 0x0000000000100000-0x000000003ffeffff]
[    0.000000] Initmem setup node 0 [mem 0x0000000000001000-0x000000003ffeffff]
[    0.000000] ACPI: PM-Timer IOPot:0x4008
[  0.0000]IOAPIC[0]: apic_id 2, version 32, address 0xfec00000, GSI 0-23
[    0.000000] ACPI: INT_SRC_OVR (bus bs_irq 0 global_irq  dl fl)
[   .000000] ACPI:INT_RCOVR (bu 0bus_i 9globa_iq 9 w evel
[    0.0000 Usig CPI MAT) forSM cnfiguration information
[  0.000] smpboot: Aloing 2 CUs 0hotplug CPUs
[    0.000000] PM: Registered noav mmory: me 0x0000000-00000fff][    0.000000] PM: Registered nosave memory: [mem 0x0009f000-0x0009ffff]
[    0.000000] PM: Registered nosave memory: [mem 0x000a0000-0x000effff]
[    0.000000] PM: Registered nosave memory: [mem 0x000f0000-0x000fffff]
[    0.000000] e820: [mem 0x40000000-0xfebfffff] available for PCI devices
[    0.000000] Booting paravirtualized kernel on KV
    0.000] clockouce refne-jffies: mas: ffffff macyles:0xffffff, axide_ns: 7645519600211568 ns
[    0.000000] setup_percpu: NR_CPUS:512 nr_cpumask_bits:512 nr_cpu_ids:2 nr_node_ids:1
[    0.000000] PERCPU: Embedded 34 pages/cpu @ffff88003fc00000 s99544 r8192 d31528 u1048576
[    0.000000] PV qspinlock hash table entries: 6 (oder: , 096 ytes)
[    0.000000] Built 1 zonelists in Node order, mobilty grouping on. Total pag: 57912[    0.00000] olcy zne DA32
   0000000 Krnl comanline BOTIMAG=/oot/vmlnu-44.012genec oot=UID7eda42e4f-485f-8d83ec6281f3 r csole=ty1conol=tyS0[   0.000000] IDash bl entie: 409 (rder: 3, 32768 byte)
[   0.000000] Memory: 997168K/104812K vailable (8537K kernl od, 131K data, 00 rota 1512K init, 1316K bss, 50952K reserved, 0K cma-reserved)
[    0.000000] SLUB: HWalign=64, Orde=03, MinObjects=0, CPUs=2, Nodes=1
[    0.000000] Kernel/User page tables isolation: enabled
[    0.000000] Hierarchical RCU implementation.
[    00000] 	uid-tim ajutment of leaf fanout to64.
[  0.00000 	CU restricting CPUs from NR_CPUS=512 to nr_cpu_ids=2.
[    0.000000] RCU: Adjusting geometry for rcu_fanout_leaf=64, nr_cpu_ids=2
[    0.000000] NR_IRQS:33024 nr_irqs:440 16
[    0.000000] Console: colour VGA+ 80x25
[    0.000000] console [tty1] enabled
[    0.000000] console [ttyS0] enabled
[    0.0000] tsc: Detected 2495.998 MHz processor
[   12.641235] Calibrating delay loop (skipped) preset value.. 4991.99 BogoMIPS (lpj=9983992)
[   12.784898] pid_max: default: 32768 minimum: 301
[   12.813054] ACPI: Core revision 20150930
[   12.816345] ACPI: 2 ACPI AML tables successfully acquired and loaded
[   12.829921] Security Framework initialized
[   12.830959] Yama: becoming mindful.
[   12.831908] AppArmor: AppArmor initialized
[   12.833036] Dentry cache hash table entries: 131072 (order: 8, 1048576 bytes)
[   12.843415] Inode-cache hash table entries: 65536 (order: 7, 524288 bytes)
[   12.872858] Mount-cache hash table entries: 2048 (order: 2, 16384 bytes)
[   12.874410] Mountpoint-cache hash table entries: 2048 (order: 2, 16384 bytes)
[   12.920972] Initializing cgroup subsys io
[   12.952771] Initializing cgroup subsys memory
[   12.981096] Initializing cgroup subsys devices
[   12.982312] Initializing cgroup subsys freezer
[   12.983430] Initializing cgroup subsys net_cls
[   12.990831] Initializing cgroup subsys perf_event
[   12.993937] Initializing cgroup subsys net_prio
[   12.997865] Initializing cgroup subsys hugetlb
[   12.998976] Initializing cgroup subsys pids
[   13.000079] CPU: Physical Processor ID: 0
[   13.001142] CPU: Processor Core ID: 0
[   13.003374] mce: CPU supports 0 MCE banks
[   13.013137] Last level iTLB entries: 4KB 128, 2MB 8, 4MB 8
[   13.021701] Last level dTLB entries: 4KB 64, 2MB 0, 4MB 0, 1GB 4
[   13.033014] Spectre V2 : Mitigation: Full generic retpoline
[   13.034268] Spectre V2 : Speculation control IBPB not-supported IBRS not-supported
[   13.068829] Spectre V2 : Filling RSB on context switch
[   13.116508] Speculative Store Bypass: Vulnerable
[   13.126677] Freeing SMP alternatives memory: 32K
[   13.182662] ftrace: allocating 32237 entries in 126 pages
[   13.264043] smpboot: APIC(0) Converting physical 0 to logical package 0
[   13.280992] smpboot: Max logical packages: 1
[   13.302490] x2apic enabled
[   13.303604] Switched APIC routing to physical x2apic.
[   13.314952] ..TIMER: vector=0x30 apic1=0 pin1=2 apic2=-1 pin2=-1
[   13.440004] smpboot: CPU0: Intel(R) Core(TM) i5-7300HQ CPU @ 2.50GHz (family: 0x6, model: 0x9e, stepping: 0x9)
[   13.466832] Performance Events: unsupported p6 CPU model 158 no PMU driver, software events only.
[   13.485488] KVM setup paravirtual spinlock
[[  13.533959] x86: Booting SMP configuration:
[   13.537509] .... node  #0, CPUs:      #1
[   13.600234] kvm-clock: cpu 1, msr 0:3ffe3041, secondary cpu clock
[   13.614237] mce: CPU supports 0 MCE banks
[   13.631894] x86: Booted up 1 node, 2 CPUs
[   13.700680] smpboot: Total of 2 processors activated (9983.99 BogoMIPS)
[   13.812074] devtmpfs: initialized
[   13.847249] evm: security.selinux
[   13.902053] evm: security.SMACK64
[   13.904884] evm: security.SMACK64EXEC
[   13.915308] evm: security.SMACK64TRANSMUTE
[   13.916383] evm: security.SMACK64MMAP
[   13.956966] evm: security.ima
[   13.957801] evm: security.capability
[   13.958962] clocksource: jiffies: mask: 0xffffffff max_cycles: 0xffffffff, max_idle_ns: 7645041785100000 ns
[   14.023054] futex hash table entries: 512 (order: 3, 32768 bytes)
[   14.066409] pinctrl core: initialized pinctrl subsystem
[   14.091791] RTC time:  9:23:15, date: 06/01/18
[   14.115430] NET: Registered protocol family 16
[   14.164139] cpuidle: using governor ladder
[   14.244127] cpuidle: using governor menu
[   14.306203] PCCT header not found.
[   14.353281] ACPI: bus type PCI registered
[   14.407842] acpiphp: ACPI Hot Plug PCI Controller Driver version: 0.5
[   14.515910] PCI: Using configuration type 1 for base access
[   14.621418] ACPI: Added _OSI(Module Device)
[   14.692915] ACPI: Added _OSI(Processor Device)
[   14.732925] ACPI: Added _OSI(3.0 _SCP Extensions)
[   14.760261] ACPI: Added _OSI(Processor Aggregator Device)
[   14.817036] ACPI: Executed 1 blocks of module-level executable AML code
[   14.922957] ACPI: Interpreter enabled
[   14.933367] ACPI: (supports S0 S5)
[   14.955381] ACPI: Using IOAPIC for interrupt routing
[   14.956787] PCI: Using host bridge windows from ACPI; if necessary, use "pci=nocrs" and report a bug
[   14.970504] ACPI: PCI Root Bridge [PCI0] (domain 0000 [bus 00-ff])
[   14.978951] acpi PNP0A03:00: _OSC: OS supports [ASPM ClockPM Segments MSI]
[   14.994113] acpi PNP0A03:00: _OSC: not requesting OS control; OS requires [ExtendedConfig ASPM ClockPM MSI]
[   15.088692] acpi PNP0A03:00: fail to add MMCONFIG information, can't access extended PCI configuration space under this bridge.
[   15.096459] PCI host bridge to bus 0000:00
[   15.105896] pci_bus 0000:00: root bus resource [io  0x0000-0x0cf7 window]
[   15.117233] pci_bus 0000:00: root bus resource [io  0x0d00-0xffff window]
[   15.119226] pci_bus 0000:00: root bus resource [mem 0x000a0000-0x000bffff window]
[   15.121516] pci_bus 0000:00: root bus resource [mem 0x40000000-0xfdffffff window]
[   15.147390] pci_bus 0000:00: root bus resource [bus 00-ff]
[   15.153046] pci 0000:00:01.1: legacy IDE quirk: reg 0x10: [io  0x01f0-0x01f7]
[   15.245160] pci 0000:00:01.1: legacy IDE quirk: reg 0x14: [io  0x03f6]
[   15.307622] pci 0000:00:01.1: legacy IDE quirk: reg 0x18: [io  0x0170-0x0177]
[   15.327894] pci 0000:00:01.1: legacy IDE quirk: reg 0x1c: [io  0x0376]
[   15.347788] pci 0000:00:07.0: quirk: [io  0x4000-0x403f] claimed by PIIX4 ACPI
[   15.383622] pci 0000:00:07.0: quirk: [io  0x4100-0x410f] claimed by PIIX4 SMB
[   15.395771] ACPI: PCI Interrupt Link [LNKA] (IRQs 5 9 10 *11)
[   15.421010] ACPI: PCI Interrupt Link [LNKB] (IRQs 5 9 *10 11)
[   15.445422] ACPI: PCI Interrupt Link [LNKC] (IRQs 5 *9 10 11)
[   15.471636] ACPI: PCI Interrupt Link [LNKD] (IRQs 5 9 10 *11)
[   15.528103] ACPI: Enabled 2 GPEs in block 00 to 07
[   15.548100] vgaarb: setting as boot device: PCI:0000:00:02.0
[   15.549389] vgaarb: device added: PCI:0000:00:02.0,decodes=io+mem,owns=io+mem,locks=none
[   15.676211] vgaarb: loaded
[   15.677011] vgaarb: bridge control possible 0000:00:02.0
[   15.678502] SCSI subsystem initialized
[   15.685533] ACPI: bus type USB registered
[   15.728437] usbcore: registered new interface driver usbfs
[   15.731743] usbcore: registered new interface driver hub
[   15.784994] usbcore: registered new device driver usb
[   15.853995] PCI: Using ACPI for IRQ routing
[   15.943333] NetLabel: Initializing
[   15.959800] NetLabel:  domain hash size = 128
[   16.021771] NetLabel:  protocols = UNLABELED CIPSOv4
[   16.088435] NetLabel:  unlabeled traffic allowed by default
[   16.098579] amd_nb: Cannot enumerate AMD northbridges
[   16.156817] clocksource: Switched to clocksource kvm-clock
[   1.2723]ApArr: Aprm Festem Enabled
[  1.6477]pn P AI ni
  172499 pp:nP ACPI: found 3 devices

[   17.289020] clocksource: acpi_pm: mask: 0xffffff max_cycles: 0xffffff, max_idle_ns: 2085701024 ns
[   17.311328] NET: Registered protocol family 2
[   17.317738] TCP established hash table entries: 8192 (order: 4, 65536 bytes)
[   17.327581] TCP bind hash table entries: 8192 (order: 5, 131072 bytes)
[   17.353339] TCP: Hash tables configured (established 8192 bind 8192)
[   17.365139] UDP hash table entries: 512 (order: 2, 16384 bytes)
[   17.366487] UDP-Lite hash table entries: 512 (order: 2, 16384 bytes)
[   17.367914] NET: Registered protocol family 1
[   17.376696] pci 0000:00:00.0: Limiting direct PCI/PCI transfers
[   17.449784] pci 0000:00:01.0: Activating ISA DMA hang workarounds
[   17.568912] Unpacking initramfs...
[   18.009350] Freeing initrd memory: 15352K
[   18.029996] platform rtc_cmos: registered platform RTC device (no PNP device found)
[   18.032996] Scanning for low memory corruption every 60 seconds
[   18.034851] audit: initializing netlink subsys (disabled)
[   18.040160] audit: type=2000 audit(1527844989.575:1): initialized
[   18.043140] Initialise system trusted keyring
[   18.064244] HugeTLB registered 2 MB page size, pre-allocated 0 pages
[   18.069621] zbud: loaded
[   18.072100] VFS: Disk quotas dquot_6.6.0
[   18.074422] VFS: Dquot-cache hash table entries: 512 (order 0, 4096 bytes)
[   18.077284] squashfs: version 4.0 (2009/01/31) Phillip Lougher
[   18.078886] fuse init (API version 7.23)
[   18.081140] Key type big_key registered
[   18.082157] Allocating IMA MOK and blacklist keyrings.
[   18.085558] Key type asymmetric registered
[   18.088031] Asymmetric key parser 'x509' registered
[   18.091548] Block layer SCSI generic (bsg) driver version 0.4 loaded (major 249)
[   18.093502] io scheduler noop registered
[   18.095724] io scheduler deadline registered (default)
[   18.099234] io scheduler cfq registered
[   18.100329] pci_hotplug: PCI Hot Plug PCI Core version: 0.5
[   18.101629] pciehp: PCI Express Hot Plug Controller Driver version: 0.4
[   18.104326] ACPI: AC Adapter [AC] (on-line)
[   18.106685] input: Power Button as /devices/LNXSYSTM:00/LNXPWRBN:00/input/input0
[   18.112031] ACPI: Power Button [PWRF]
[   18.116619] input: Sleep Button as /devices/LNXSYSTM:00/LNXSLPBN:00/input/input1
[   18.119726] ACPI: Sleep Button [SLPF]
[   18.124876] GHES: HEST is not enabled!
[   18.125619] ACPI: Battery Slot [BAT0] (battery present)
[   18.137056] Serial: 8250/16550 driver, 32 ports, IRQ sharing enabled
[   18.161095] 00:02: ttyS0 at I/O 0x3f8 (irq = 4, base_baud = 115200) is a 16550A
[   18.167755] Linux agpgart interface v0.103
[   18.181069] loop: module loaded
[   18.183743] scsi host0: ata_piix
[   18.185867] scsi host1: ata_piix
[   18.186820] ata1: PATA max UDMA/33 cmd 0x1f0 ctl 0x3f6 bmdma 0xd000 irq 14
[   18.189381] ata2: PATA max UDMA/33 cmd 0x170 ctl 0x376 bmdma 0xd008 irq 15
[   18.191050] libphy: Fixed MDIO Bus: probed
[   18.192126] tun: Universal TUN/TAP device driver, 1.6
[   18.195859] tun: (C) 1999-2004 Max Krasnyansky <maxk@qualcomm.com>
[   18.198389] PPP generic driver version 2.4.2
[   18.200772] ehci_hcd: USB 2.0 'Enhanced' Host Controller (EHCI) Driver
[   18.202225] ehci-pci: EHCI PCI platform driver
[   18.203312] ehci-platform: EHCI generic platform driver
[   18.209132] ohci_hcd: USB 1.1 'Open' Host Controller (OHCI) Driver
[   18.274642] ohci-pci: OHCI PCI platform driver
[   18.276999] ohci-platform: OHCI generic platform driver
[   18.338322] uhci_hcd: USB Universal Host Controller Interface driver
[   18.377125] i8042: PNP: PS/2 Controller [PNP0303:PS2K,PNP0f03:PS2M] at 0x60,0x64 irq 1,12
[   18.393536] serio: i8042 KBD port at 0x60,0x64 irq 1
[   18.401865] serio: i8042 AUX port at 0x60,0x64 irq 12
[   18.448708] mousedev: PS/2 mouse device common for all mice
[   18.573850] rtc_cmos rtc_cmos: rtc core: registered rtc_cmos as rtc0
[   18.625005] input: AT Translated Set 2 keyboard as /devices/platform/i8042/serio0/input/input2
[   18.664210] rtc_cmos rtc_cmos: alarms up to one day, 114 bytes nvram
[   18.667142] i2c /dev entries driver
[   18.668161] device-mapper: uevent: version 1.0.3
[   18.698107] device-mapper: ioctl: 4.34.0-ioctl (2015-10-28) initialised: dm-devel@redhat.com
[   18.729826] ledtrig-cpu: registered to indicate activity on CPUs
[   18.812242] NET: Registered protocol family 10
[   18.873888] NET: Registered protocol family 17
[   18.935349] Key type dns_resolver registered
[   1.97874restedastat verion 1
[   19.0908] tsc: RefiedTS cckoucealration 29567Hz
[   19.006 cckur: sc: mas: 0xffffffffffff max_cycles: 0x23767796 mx_dle_s:40795248578 ns

[   20.878276] Loading compiled-in X.509 certificates
[   20.886840] Loaded X.509 cert 'Build time autogenerated kernel key: 9f6f572a3ee0cb468eb8db4aa61815bc74ef6adb'
[   20.946026] zswap: loaded using pool lzo/zbud
[   20.983676] Key type trusted registered
[   21.049427] Key type encrypted registered
[   21.109444] AppArmor: AppArmor sha1 policy hashing enabled
[   21.194006] ima: No TPM chip found, activating TPM-bypass!
[   21.235115] evm: HMAC attrs: 0x1
[   21.236336]   Magic number: 6:848:372
[   21.275932] rtc_cmos rtc_cmos: setting system clock to 2018-06-01 09:23:22 UTC (1527845002)
[   21.376000] BIOS EDD facility v0.16 2004-Jun-25, 0 devices found
[   21.471071] EDD information not available.
[   21.504763] Freeing unused kernel memory: 1512K
[   21.578410] Write protecting the kernel read-only data: 14336k
[   21.643348] Freeing unused kernel memory: 1692K
[   21.649614] Freeing unused kernel memory: 96K
Loading, please [   21.706422] random: systemd-udevd: uninitialized urandom read (16 bytes read, 7 bits of entropy available)
wait...
startin[   21.707077] random: udevadm: uninitialized urandom read (16 bytes read, 7 bits of entropy available)
g version 229
[   21.707101] random: udevadm: uninitialized urandom read (16 bytes read, 7 bits of entropy available)
[   21.719341] random: udevadm: uninitialized urandom read (16 bytes read, 7 bits of entropy available)
[   21.719386] random: udevadm: uninitialized urandom read (16 bytes read, 7 bits of entropy available)
[   21.719580] random: udevadm: uninitialized urandom read (16 bytes read, 7 bits of entropy available)
[   21.719682] random: udevadm: uninitialized urandom read (16 bytes read, 7 bits of entropy available)
[   21.719759] random: udevadm: uninitialized urandom read (16 bytes read, 7 bits of entropy available)
[   21.719838] random: udevadm: uninitialized urandom read (16 bytes read, 7 bits of entropy available)
[   21.719909] random: udevadm: uninitialized urandom read (16 bytes read, 7 bits of entropy available)
[   22.315267] e1000: Intel(R) PRO/1000 Network Driver - version 7.3.21-k8-NAPI
[   22.319049] e1000: Copyright (c) 1999-2006 Intel Corporation.
[   22.350417] Fusion MPT base driver 3.04.20
[   22.402451] Copyright (c) 1999-2008 LSI Corporation
[   22.485954] AVX2 version of gcm_enc/dec engaged.
[   22.517617] AES CTR mode by8 optimization enabled
[   22.528242] Fusion MPT SPI Host driver 3.04.20
[   22.546478] input: ImExPS/2 Generic Explorer Mouse as /devices/platform/i8042/serio1/input/input4
[   22.936089] e1000 0000:00:03.0 eth0: (PCI:33MHz:32-bit) 02:66:2d:c5:e5:fb
[   22.978395] e1000 0000:00:03.0 eth0: Intel(R) PRO/1000 Network Connection
[   23.016671] mptbase: ioc0: Initiating bringup
[   23.085082] ioc0: LSI53C1030 A0: Capabilities={Initiator}
[   23.308826] scsi host2: ioc0: LSI53C1030 A0, FwRev=00000000h, Ports=1, MaxQ=256, IRQ=20
[   23.493206] scsi 2:0:0:0: Direct-Access     VBOX     HARDDISK         1.0  PQ: 0 ANSI: 5
[   23.580983] scsi target2:0:0: Beginning Domain Validation
[   23.629615] scsi target2:0:0: Domain Validation skipping write tests
[   23.647147] scsi target2:0:0: Ending Domain Validation
[   23.678758] scsi target2:0:0: asynchronous
[   23.682724] scsi 2:0:1:0: Direct-Access     VBOX     HARDDISK         1.0  PQ: 0 ANSI: 5
[   23.724620] scsi target2:0:1: Beginning Domain Validation
[   23.770854] scsi target2:0:1: Domain Validation skipping write tests
[   23.781006] scsi target2:0:1: Ending Domain Validation
[   23.799434] scsi target2:0:1: asynchronous
[   23.822070] sd 2:0:0:0: [sda] 20971520 512-byte logical blocks: (10.7 GB/10.0 GiB)
[   23.844844] sd 2:0:0:0: Attached scsi generic sg0 type 0
[   23.865982] sd 2:0:1:0: [sdb] 20480 512-byte logical blocks: (10.5 MB/10.0 MiB)
[   23.868168] sd 2:0:1:0: [sdb] Write Protect is off
[   23.874500] sd 2:0:1:0: Attached scsi generic sg1 type 0
[   23.906987] sd 2:0:1:0: [sdb] Incomplete mode parameter data
[   23.935524] sd 2:0:1:0: [sdb] Assuming drive cache: write through
[   23.982565] e1000 0000:00:08.0 eth1: (PCI:33MHz:32-bit) 08:00:27:36:af:42
[   23.982567] e1000 0000:00:08.0 eth1: Intel(R) PRO/1000 Network Connection
[   23.988950] sd 2:0:0:0: [sda] Write Protect is off
[   23.990074] e1000 0000:00:03.0 enp0s3: renamed from eth0
[   24.017179] sd 2:0:0:0: [sda] Incomplete mode parameter data
[   24.018486] sd 2:0:0:0: [sda] Assuming drive cache: write through
[   24.022781]  sda: sda1
[   24.025654] sd 2:0:0:0: [sda] Attached SCSI disk
[   24.028042] sd 2:0:1:0: [sdb] Attached SCSI disk
[   24.033145] e1000 0000:00:08.0 enp0s8: renamed from eth1
Begin: Loading e[   25.541365] md: linear personality registered for level -1
ssential drivers[   25.559842] md: multipath personality registered for level -4
 ... [   25.570422] md: raid0 personality registered for level 0
[   25.578487] md: raid1 personality registered for level 1
[   25.697002] raid6: sse2x1   gen()  9887 MB/s
[   25.797032] raid6: sse2x1   xor()  7283 MB/s
[   25.877011] raid6: sse2x2   gen() 12282 MB/s
[   25.997055] raid6: sse2x2   xor()  8252 MB/s
[   26.093145] raid6: sse2x4   gen() 14109 MB/s
[   26.204997] raid6: sse2x4   xor()  9372 MB/s
[   26.292866] raid6: avx2x1   gen() 20091 MB/s
[   26.428933] raid6: avx2x2   gen() 22181 MB/s
[   26.501006] raid6: avx2x4   gen() 24818 MB/s
[   26.556207] raid6: using algorithm avx2x4 gen() 24818 MB/s
[   26.565417] raid6: using avx2x2 recovery algorithm
[   26.567963] xor: automatically using best checksumming function:
[   26.608930]    avx       : 15377.000 MB/sec
[   26.656899] async_tx: api initialized (async)
[   26.692604] md: raid6 personality registered for level 6
[   26.774638] md: raid5 personality registered for level 5
[   26.827532] md: raid4 personality registered for level 4
[   26.888223] md: raid10 personality registered for level 10
done.
Begin: Running /scripts/init-premount ... done.
Begin: Mounting[   26.979151] Btrfs loaded
 root file system ... Begin: Running /scripts/local-top ... done.
Begin: Running /scripts/local[   27.030740] EXT4-fs (sda1): mounted filesystem with ordered data mode. Opts: (null)
-premount ... Scanning for Btrfs filesystems
done.
Warning: fsck not present, so skipping root file system
done.
Begin: Running /scripts/local-bottom ... done.
Begin: Running /scripts/init-bottom ... done.
[   7.1919 sstemd[1]: systemd 229 running in system mode. (+PAM +AUDIT +SELINUX +IMA +APPARMOR +SMACK +SYSVINIT +UTMP +LIBCRYPTSETUP +GCRYPT +GNUTLS +ACL +XZ -LZ4 +SECCOMP +BLKID +ELFUTILS +KMOD -IDN)
[   27.561753] systemd[1]: Detected virtualization oracle.
[   27.625547] systemd[1]: Detected architecture x86-64.

Welcome to [1mUbuntu 16.04.4 LTS[0m!

[  266590] systemd[1]: Set hostname to <ubuntu-xenial>.
[   27.983173] systemd[1]: Reached target Swap.
[[0;32m  OK  [0m] Reached target Swap.
[   28.025520] systemd[1]: Started Forward Password Requests to Wall Directory Watch.
[[0;32m  OK  [0m] Started Forward Password Requests to Wall Directory Watch.
[   28.073357] systemd[1]: Listening on LVM2 metadata daemon socket.
[[0;32m  OK  [0m] Listening on LVM2 metadata daemon socket.
[   28.201153] systemd[1]: Listening on Syslog Socket.
[[0;32m  OK  [0m] Listening on Syslog Socket.
[   28.244325] systemd[1]: Reached target System Time Synchronized.
[[0;32m  OK  [0m] Reached target System Time Synchronized.
[   28.301882] systemd[1]: Listening on /dev/initctl Compatibility Named Pipe.
[[0;32m  OK  [0m] Listening on /dev/initctl Compatibility Named Pipe.
[   28.381730] systemd[1]: Reached target Encrypted Volumes.
[[0;32m  OK  [0m] Reached target Encrypted Volumes.
[   28.469646] systemd[1]: Listening on udev Control Socket.
[[0;32m  OK  [0m] Listening on udev Control Socket.
[   28.509607] systemd[1]: Listening on LVM2 poll daemon socket.
[[0;32m  OK  [0m] Listening on LVM2 poll daemon socket.
[   28.601349] systemd[1]: Listening on udev Kernel Socket.
[[0;32m  OK  [0m] Listening on udev Kernel Socket.
[   28.717509] systemd[1]: Started Trigger resolvconf update for networkd DNS.
[[0;32m  OK  [0m] Started Trigger resolvconf update for networkd DNS.
[   28.801435] systemd[1]: Listening on Device-mapper event daemon FIFOs.
[[0;32m  OK  [0m] Listening on Device-mapper event daemon FIFOs.
[   28.954008] systemd[1]: Created slice User and Session Slice.
[[0;32m  OK  [0m] Created slice User and Session Slice.
[   29.102293] systemd[1]: Created slice System Slice.
[[0;32m  OK  [0m] Created slice System Slice.
[   29.243890] systemd[1]: Created slice system-serial\x2dgetty.slice.
[[0;32m  OK  [0m] Created slice system-serial\x2dgetty.slice.
[   29.312986] systemd[1]: Listening on Journal Socket (/dev/log).
[[0;32m  OK  [0m] Listening on Journal Socket (/dev/log).
[   29.353806] systemd[1]: Reached target User and Group Name Lookups.
[[0;32m  OK  [0m] Reached target User and Group Name Lookups.
[   29.425140] systemd[1]: Reached target Slices.
[[0;32m  OK  [0m] Reached target Slices.
[   29.474048] systemd[1]: Set up automount Arbitrary Executable File Formats File System Automount Point.
[[0;32m  OK  [0m] Set up automount Arbitrary Executab...ats File System Automount Point.
[   29.517783] systemd[1]: Listening on Journal Socket.
[[0;32m  OK  [0m] Listening on Journal Socket.
[   29.549895] systemd[1]: Starting Nameserver information manager...
[   29.551461] random: nonblocking pool is initialized
         Starting Nameserver information manager...
[   29.609433] systemd[1]: Starting Set console keymap...
         Starting Set console keymap...
[   29.653889] systemd[1]: Mounting POSIX Message Queue File System...
         Mounting POSIX Message Queue File System...
[   29.689121] systemd[1]: Mounting Huge Pages File System...
         Mounting Huge Pages File System...
[   29.756952] systemd[1]: Starting Load Kernel Modules...
[   2.728] adiniSSIrapo cssv2-80.

         Startin[   30.408867] iscsi: registered transport (tcp)
g Load Kernel Modules...
[   30.551412] iscsi: registered transport (iser)
[   31.637867] systemd[1]: Starting Uncomplicated firewall...
         Starting Uncomplicated firewall...
[   31.685502] systemd[1]: Starting Create list of required static device nodes for the current kernel...
         Starting Create list of required st... nodes for the current kernel...
[   31.805466] systemd[1]: Mounting Debug File System...
         Mounting Debug File System...
[   31.917749] systemd[1]: Starting Remount Root and Kernel File Systems...
[   31.921429] EXT4-fs (sda1): re-mounted. Opts: (null)
         Starting Remount Root and Kernel File Systems...
[   32.061220] systemd[1]: Starting Monitoring of LVM2 mirrors, snapshots etc. using dmeventd or progress polling...
         Starting Monitoring of LVM2 mirrors... dmeventd or progress polling...
[   32.228374] systemd[1]: Listening on Journal Audit Socket.
[[0;32m  OK  [0m] Listening on Journal Audit Socket.
[   32.333472] systemd[1]: Starting Journal Service...
         Starting Journal Service...
[   32.402898] systemd[1]: Mounted POSIX Message Queue File System.
[[0;32m  OK  [0m] Mounted POSIX Message Queue File System.
[   32.545491] systemd[1]: Mounted Debug File System.
[[0;32m  OK  [0m] Mounted Debug File System.
[   32.605803] systemd[1]: Mounted Huge Pages File System.
[[0;32m  OK  [0m] Mounted Huge Pages File System.
[   32.613844] systemd[1]: Started Journal Service.
[[0;32m  OK  [0m] Started Journal Service.
[[0;32m  OK  [0m] Started Set console keymap.
[[0;32m  OK  [0m] Started Load Kernel Modules.
[[0;32m  OK  [0m] Started Uncomplicated firewall.
[[0;32m  OK  [0m] Started Create list of required sta...ce nodes for the current kernel.
[[0;32m  OK  [0m] Started Remount Root and Kernel File Systems.
[[0;32m  OK  [0m] Started Nameserver information manager.
[[0;32m  OK  [0m] Started LVM2 metadata daemon.
         Starting Load/Save Random Seed...
         Starting udev Coldplug all Devices...
         Starting Create Static Device Nodes in /dev...
         Mounting FUSE Control File System...
         Starting Apply Kernel Variables...
         Starting Flush Journal to Persistent Storage...
[[0;32m  OK  [0m] Mounted FUSE Control File System.
[[0;32m  OK  [0m] Started Load/Save Random Seed.
[[0;32m  OK  [0m] Started Create Static Device Nodes in /dev.
[[0;32m  OK  [0m] Started Monitoring of LVM2 mirrors,...ng dmeventd or progress polling.
[[0;32m  OK  [0m] Started Apply Kernel Variables.
[[0;32m  OK  [0m] Started udev Coldplug all Devices.
[[0;32m  OK  [0m] Started Flush Journal to Persistent Storage.
         Starting udev Kernel Device Manager...
[[0;32m  OK  [0m] Started udev Kernel Device Manager.
[[0;32m  OK  [0m] Reached target Local File Systems (Pre).
[[0;32m  OK  [0m] Reached target Local File Systems.
         Starting Set console font and keymap...
         Starting Initial cloud-init job (pre-networking)...
         Starting Create Volatile Files and Directories...
         Starting LSB: AppArmor initialization...
         Starting Tell Plymouth To Write Out Runtime Data...
[[0;32m  OK  [0m] Started Dispatch Password Requests to Console Directory Watch.
[[0;32m  OK  [0m] Started Create Volatile Files and Directories.
[[0;32m  OK  [0m] Started Tell Plymouth To Write Out Runtime Data.
[[0;32m  OK  [0m] Found device /dev/ttyS0.
         Starting Update UTMP about System Boot/Shutdown...
[[0;32m  OK  [0m] Started Update UTMP about System Boot/Shutdown.
[[0;32m  OK  [0m] Started Set console font and keymap.
[[0;32m  OK  [0m] Created slice system-getty.slice.
[[0;32m  OK  [0m] Started LSB: AppArmor initialization.
[[0;32m  OK  [0m] Found device 82540EM Gigabit Ethern...r (PRO/1000 MT Desktop Adapter).
[[0;32m  OK  [0m] Found device 82540EM Gigabit Ethern...r (PRO/1000 MT Desktop Adapter).
[[0;32m  OK  [0m] Listening on Load/Save RF Kill Switch Status /dev/rfkill Watch.
[   19.951589] cloud-init[493]: Cloud-init v. 18.2 running 'init-local' at Fri, 01 Jun 2018 09:23:36 +0000. Up 19.63 seconds.
[[0;32m  OK  [0m] Started Initial cloud-init job (pre-networking).
[[0;32m  OK  [0m] Reached target Network (Pre).
[[0;32m  OK  [0m] Started ifup for enp0s8.
[[0;32m  OK  [0m] Started ifup for enp0s3.
         Starting Raise network interfaces...
[[0;32m  OK  [0m] Started Raise network interfaces.
         Starting Initial cloud-init job (metadata service crawler)...
[[0;32m  OK  [0m] Reached target Network.
[   21.346405] cloud-init[1123]: Cloud-init v. 18.2 running 'init' at Fri, 01 Jun 2018 09:23:37 +0000. Up 20.88 seconds.
[   21.396590] cloud-init[1123]: ci-info: ++++++++++++++++++++++++++++++++++++++Net device info++++++++++++++++++++++++++++++++++++++
[   21.457267] cloud-init[1123]: ci-info: +--------+------+-----------------------------+---------------+-------+-------------------+
[[0;32m  OK  [0m] Started Initial cloud-init job (metadata service crawler).
[[   21.635776] cloud-init[1123]: ci-info: | Device |  Up  |           Address           |      Mask     | Scope |     Hw-Address    |
[   21.726895] cloud-init[1123]: ci-info: +--------+------+-----------------------------+---------------+-------+-------------------+
[0;32m  OK  [0m] Reached target Cloud-config availability.
[[   21.727027] cloud-init[1123]: ci-info: | enp0s3 | True |          10.0.2.15          | 255.255.255.0 |   .   | 02:66:2d:c5:e5:fb |
[   22.020144] cloud-init[1123]: ci-info: | enp0s3 | True |  fe80::66:2dff:fec5:e5fb/64 |       .       |  link | 02:66:2d:c5:e5:fb |
[0;32m  OK  [0m] Reached target System Initialization.
[   22.020235] cloud-init[1123]: ci-info: | enp0s8 | True |        192.168.20.85        | 255.255.255.0 |   .   | 08:00:27:36:af:42 |
[   22.337024] cloud-init[1123]: ci-info: | enp0s8 | True | fe80::a00:27ff:fe36:af42/64 |       .       |  link | 08:00:27:36:af:42 |
[[0;32m  OK  [0m] Started Daily Cleanup of Temporary Directories.
[   22.337167] cloud-init[1123]: ci-info: |   lo   | True |          127.0.0.1          |   255.0.0.0   |   .   |         .         |
[   22.841179] cloud-init[1123]: ci-info: |   lo   | True |           ::1/128           |       .       |  host |         .         |
[   22.841552] cloud-init[1123]: ci-info: +--------+------+-----------------------------+---------------+-------+-------------------+
[[0;32m  OK  [0m] Started ACPI Events Check.
[[   22.841747] cloud-init[1123]: ci-info: ++++++++++++++++++++++++++++Route IPv4 info++++++++++++++++++++++++++++
[   23.225300] cloud-init[1123]: ci-info: +-------+--------------+----------+---------------+-----------+-------+
[0;32m  OK  [0m] Reached target Paths.
[   23.225499] cloud-init[1123]: ci-info: | Route | Destination  | Gateway  |    Genmask    | Interface | Flags |
[   23.617174] cloud-init[1123]: ci-info: +-------+--------------+----------+---------------+-----------+-------+
[   23.617494] cloud-init[1123]: ci-info: |   0   |   0.0.0.0    | 10.0.2.2 |    0.0.0.0    |   enp0s3  |   UG  |
[[0;32m  OK  [0m] Started Daily apt download activities.
[   23.617701] cloud-init[1123]: ci-info: |   1   |   10.0.2.0   | 0.0.0.0  | 255.255.255.0 |   enp0s3  |   U   |
[   23.996735] cloud-init[1123]: ci-info: |   2   | 192.168.20.0 | 0.0.0.0  | 255.255.255.0 |   enp0s8  |   U   |
[   23.997075] cloud-init[1123]: ci-info: +-------+--------------+----------+---------------+-----------+-------+
         Starting LXD - unix socket.
[[0;32m  OK  [0m] Listening on ACPID Listen Socket.
[[0;32m  OK  [0m] Started Daily apt upgrade and clean activities.
[[0;32m  OK  [0m] Reached target Timers.
[[0;32m  OK  [0m] Listening on UUID daemon activation socket.
         Starting Socket activation for snappy daemon.
[[0;32m  OK  [0m] Listening on D-Bus System Message Bus Socket.
[[0;32m  OK  [0m] Reached target Network is Online.
         Starting iSCSI initiator daemon (iscsid)...
[[0;32m  OK  [0m] Listening on LXD - unix socket.
[[0;32m  OK  [0m] Listening on Socket activation for snappy daemon.
[[0;32m  OK  [0m] Reached target Sockets.
[[0;32m  OK  [0m] Reached target Basic System.
[[0;32m  OK  [0m] Started D-Bus System Message Bus.
         Starting Accounts Service...
         Starting LSB: MD monitoring daemon...
         Starting LSB: Record successful boot for GRUB...
         Starting Login Service...
[[0;32m  OK  [0m] Started ACPI event daemon.
         Starting Apply the settings specified in cloud-config...
[[0;32m  OK  [0m] Started Regular background program processing daemon.
         Starting vboxadd.service...
         Starting /etc/rc.local Compatibility...
[[0;32m  OK  [0m] Started FUSE filesystem for LXC.
         Starting Snappy daemon...
         Starting LXD - container startup/shutdown...
[[0;32m  OK  [0m] Started Unattended Upgrades Shutdown.
[[0;32m  OK  [0m] Started Deferred execution scheduler.
[[0;32m  OK  [0m] Started High-performance, schema-free document-oriented database.
         Starting System Logging Service...
         Starting OpenBSD Secure Shell server...
[[0;32m  OK  [0m] Started Snappy daemon.
[[0;32m  OK  [0m] Started System Logging Service.
[[0;32m  OK  [0m] Started OpenBSD Secure Shell server.
[[0;32m  OK  [0m] Started iSCSI initiator daemon (iscsid).
[[0;32m  OK  [0m] Started vboxadd.service.
[[0;32m  OK  [0m] Started /etc/rc.local Compatibility.
[[0;32m  OK  [0m] Started LXD - container startup/shutdown.
[[0;32m  OK  [0m] Started LSB: Record successful boot for GRUB.
[[0;32m  OK  [0m] Started LSB: MD monitoring daemon.
[   26.855042] cloud-init[1201]: Cloud-init v. 18.2 running 'modules:config' at Fri, 01 Jun 2018 09:23:43 +0000. Up 26.34 seconds.
[[0;32m  OK  [0m] Started Accounts Service.
[[0;32m  OK  [0m] Started Apply the settings specified in cloud-config.
[[0;32m  OK  [0m] Started Login Service.
         Starting vboxadd-service.service...
         Starting Login to default iSCSI targets...
[[0;32m  OK  [0m] Started vboxadd-service.service.
[[0;32m  OK  [0m] Started Login to default iSCSI targets.
[[0;32m  OK  [0m] Reached target Remote File Systems (Pre).
[[0;32m  OK  [0m] Reached target Remote File Systems.
         Starting LSB: Set the CPU Frequency Scaling governor to "ondemand"...
         Starting LSB: Apache2 web server...
         Starting LSB: lsyncd daemon init script...
         Starting LSB: daemon to balance interrupts for SMP systems...
         Starting Permit User Sessions...
         Starting LSB: automatic crash report generation...
         Starting LSB: Start/stop sysstat's sadc...
[[0;32m  OK  [0m] Started LSB: lsyncd daemon init script.
[[0;32m  OK  [0m] Started Permit User Sessions.
[[0;32m  OK  [0m] Started LSB: Set the CPU Frequency Scaling governor to "ondemand".
[[0;32m  OK  [0m] Started LSB: daemon to balance interrupts for SMP systems.
[[0;32m  OK  [0m] Created slice User Slice of vagrant.
         Starting User Manager for UID 1000...
[[0;32m  OK  [0m] Started Session 1 of user vagrant.
         Starting Hold until boot process finishes up...
         Starting Terminate Plymouth Boot Screen...
[[0;32m  OK  [0m] Started User Manager for UID 1000.
[[0;32m  OK  [0m] Started LSB: automatic crash report generation.
[[0;32m  OK  [0m] Started LSB: Start/stop sysstat's sadc.
[[0;32m  OK  [0m] Started Hold until boot process finishes up.
[[0;32m  OK  [0m] Started Terminate Plymouth Boot Screen.
[[0;32m  OK  [0m] Started Serial Getty on ttyS0.
[[0;32m  OK  [0m] Started Getty on tty1.
[[0;32m  OK  [0m] Reached target Login Prompts.
         Starting Set console scheme...
[[0;32m  OK  [0m] Started Set console scheme.
[[0;32m  OK  [0m] Started LSB: Apache2 web server.
[[0;32m  OK  [0m] Reached target Multi-User System.
         Starting Execute cloud user/final scripts...
[[0;32m  OK  [0m] Reached target Graphical Interface.
         Starting Update UTMP about System Runlevel Changes...
[[0;32m  OK  [0m] Started Update UTMP about System Runlevel Changes.
[   30.612706] cloud-init[1556]: Cloud-init v. 18.2 running 'modules:final' at Fri, 01 Jun 2018 09:23:47 +0000. Up 30.38 seconds.
[   30.660458] cloud-init[1556]: Cloud-init v. 18.2 finished at Fri, 01 Jun 2018 09:23:47 +0000. Datasource DataSourceNoCloud [seed=/dev/sdb][dsmode=net].  Up 30.60 seconds
[[0;32m  OK  [0m] Started Execute cloud user/final scripts.
[[0;32m  OK  [0m] Reached target Cloud-init target.

Ubuntu 16.04.4 LTS ubuntu-xenial ttyS0

ubuntu-xenial login: 